[    0.000000] Initializing cgroup subsys cpuset
[    0.000000] Initializing cgroup subsys cpu
[    0.000000] Initializing cgroup subsys cpuacct
[    0.000000] Linux version 4.4.0-187-generic (buildd@lgw01-amd64-035) (gcc version 5.4.0 20160609 (Ubuntu 5.4.0-6ubuntu1~16.04.12) ) #217-Ubuntu SMP Tue Jul 21 04:18:15 UTC 2020 (Ubuntu 4.4.0-187.217-generic 4.4.230)
[    0.000000] Command line: BOOT_IMAGE=/boot/vmlinuz-4.4.0-187-generic root=LABEL=cloudimg-rootfs ro console=tty1 console=ttyS0
[    0.000000] KERNEL supported cpus:
[    0.000000]   Intel GenuineIntel
[    0.000000]   AMD AuthenticAMD
[    0.000000]   Centaur CentaurHauls
[    0.000000] x86/fpu: xstate_offset[2]:  576, xstate_sizes[2]:  256
[    0.000000] x86/fpu: Supporting XSAVE feature 0x01: 'x87 floating point registers'
[    0.000000] x86/fpu: Supporting XSAVE feature 0x02: 'SSE registers'
[    0.000000] x86/fpu: Supporting XSAVE feature 0x04: 'AVX registers'
[    0.000000] x86/fpu: Enabled xstate features 0x7, context size is 832 bytes, using 'standard' format.
[    0.000000] e820: BIOS-provided physical RAM map:
[    0.000000] BIOS-e820: [mem 0x0000000000000000-0x000000000009fbff] usable
[    0.000000] BIOS-e820: [mem 0x000000000009fc00-0x000000000009ffff] reserved
[    0.000000] BIOS-e820: [mem 0x00000000000f0000-0x00000000000fffff] reserved
[    0.000000] BIOS-e820: [mem 0x0000000000100000-0x000000003ffeffff] usable
[    0.000000] BIOS-e820: [mem 0x000000003fff0000-0x000000003fffffff] ACPI data
[    0.000000] BIOS-e820: [mem 0x00000000fec00000-0x00000000fec00fff] reserved
[    0.000000] BIOS-e820: [mem 0x00000000fee00000-0x00000000fee00fff] reserved
[    0.000000] BIOS-e820: [mem 0x00000000fffc0000-0x00000000ffffffff] reserved
[    0.000000] NX (Execute Disable) protection: active
[    0.000000] SMBIOS 2.5 present.
[    0.000000] Hypervisor detected: KVM
[    0.000000] e820: last_pfn = 0x3fff0 max_arch_pfn = 0x400000000
[    0.000000] MTRR: Disabled
[    0.000000] x86/PAT: MTRRs disabled, skipping PAT initialization too.
[    0.000000] CPU MTRRs all blank - virtualized system.
[    0.000000] x86/PAT: Configuration [0-7]: WB  WT  UC- UC  WB  WT  UC- UC  
[    0.000000] found SMP MP-table at [mem 0x0009fff0-0x0009ffff] mapped at [ffff88000009fff0]
[    0.000000] Scanning 1 areas for low memory corruption
[    0.000000] RAMDISK: [mem 0x362de000-0x37166fff]
[    0.000000] ACPI: Early table checksum verification disabled
[    0.000000] ACPI: RSDP 0x00000000000E0000 000024 (v02 VBOX  )
[    0.000000] ACPI: XSDT 0x000000003FFF0030 00003C (v01 VBOX   VBOXXSDT 00000001 ASL  00000061)
[    0.000000] ACPI: FACP 0x000000003FFF00F0 0000F4 (v04 VBOX   VBOXFACP 00000001 ASL  00000061)
[    0.000000] ACPI: DSDT 0x000000003FFF0470 002325 (v02 VBOX   VBOXBIOS 00000002 INTL 20100528)
[    0.000000] ACPI: FACS 0x000000003FFF0200 000040
[    0.000000] ACPI: FACS 0x000000003FFF0200 000040
[    0.000000] ACPI: APIC 0x000000003FFF0240 00005C (v02 VBOX   VBOXAPIC 00000001 ASL  00000061)
[    0.000000] ACPI: SSDT 0x000000003FFF02A0 0001CC (v01 VBOX   VBOXCPUT 00000002 INTL 20100528)
[    0.000000] No NUMA configuration found
[    0.000000] Faking a node at [mem 0x0000000000000000-0x000000003ffeffff]
[    0.000000] NODE_DATA(0) allocated [mem 0x3ffeb000-0x3ffeffff]
[    0.000000] kvm-clock: Using msrs 4b564d01 and 4b564d00
[    0.000000] kvm-clock: cpu 0, msr 0:3ffe3001, primary cpu clock
[    0.000000] kvm-clock: using sched offset of 4020725099 cycles
[    0.000000] clocksource: kvm-clock: mask: 0xffffffffffffffff max_cycles: 0x1cd42e4dffb, max_idle_ns: 881590591483 ns
[    0.000000] Zone ranges:
[    0.000000]   DMA      [mem 0x0000000000001000-0x0000000000ffffff]
[    0.000000]   DMA32    [mem 0x0000000001000000-0x000000003ffeffff]
[    0.000000]   Normal   empty
[    0.000000]   Device   empty
[    0.000000] Movable zone start for each node
[    0.000000] Early memory node ranges
[    0.000000]   node   0: [mem 0x0000000000001000-0x000000000009efff]
[    0.000000]   node   0: [mem 0x0000000000100000-0x000000003ffeffff]
[    0.000000] Initmem setup node 0 [mem 0x0000000000001000-0x000000003ffeffff]
[    0.000000] ACPI: PM-Timer IO Port: 0x4008
[    0.000000] IOAPIC[0]: apic_id 2, version 32, address 0xfec00000, GSI 0-23
[    0.000000] ACPI: INT_SRC_OVR (bus 0 bus_irq 0 global_irq 2 dfl dfl)
[    0.000000] ACPI: INT_SRC_OVR (bus 0 bus_irq 9 global_irq 9 low level)
[    0.000000] Using ACPI (MADT) for SMP configuration information
[    0.000000] smpboot: Allowing 2 CPUs, 0 hotplug CPUs
[    0.000000] PM: Registered nosave memory: [mem 0x00000000-0x00000fff]
[    0.000000] PM: Registered nosave memory: [mem 0x0009f000-0x0009ffff]
[    0.000000] PM: Registered nosave memory: [mem 0x000a0000-0x000effff]
[    0.000000] PM: Registered nosave memory: [mem 0x000f0000-0x000fffff]
[    0.000000] e820: [mem 0x40000000-0xfebfffff] available for PCI devices
[    0.000000] Booting paravirtualized kernel on KVM
[    0.000000] clocksource: refined-jiffies: mask: 0xffffffff max_cycles: 0xffffffff, max_idle_ns: 7645519600211568 ns
[    0.000000] setup_percpu: NR_CPUS:512 nr_cpumask_bits:512 nr_cpu_ids:2 nr_node_ids:1
[    0.000000] PERCPU: Embedded 33 pages/cpu @ffff88003fc00000 s95512 r8192 d31464 u1048576
[    0.000000] Built 1 zonelists in Node order, mobility grouping on.  Total pages: 257912
[    0.000000] Policy zone: DMA32
[    0.000000] Kernel command line: BOOT_IMAGE=/boot/vmlinuz-4.4.0-187-generic root=LABEL=cloudimg-rootfs ro console=tty1 console=ttyS0
[    0.000000] PID hash table entries: 4096 (order: 3, 32768 bytes)
[    0.000000] Memory: 997660K/1048120K available (8636K kernel code, 1337K rwdata, 4040K rodata, 1492K init, 1296K bss, 50460K reserved, 0K cma-reserved)
[    0.000000] SLUB: HWalign=64, Order=0-3, MinObjects=0, CPUs=2, Nodes=1
[    0.000000] Kernel/User page tables isolation: enabled
[    0.000000] Hierarchical RCU implementation.
[    0.000000] 	Build-time adjustment of leaf fanout to 64.
[    0.000000] 	RCU restricting CPUs from NR_CPUS=512 to nr_cpu_ids=2.
[    0.000000] RCU: Adjusting geometry for rcu_fanout_leaf=64, nr_cpu_ids=2
[    0.000000] NR_IRQS:33024 nr_irqs:440 16
[    0.000000] Console: colour VGA+ 80x25
[    0.000000] console [tty1] enabled
[    0.000000] console [ttyS0] enabled
[    0.000000] tsc: Detected 2700.000 MHz processor
[    0.176430] Calibrating delay loop (skipped) preset value.. 5400.00 BogoMIPS (lpj=10800000)
[    0.178809] pid_max: default: 32768 minimum: 301
[    0.179999] ACPI: Core revision 20150930
[    0.181808] ACPI: 2 ACPI AML tables successfully acquired and loaded
[    0.183450] Security Framework initialized
[    0.184494] Yama: becoming mindful.
[    0.185425] AppArmor: AppArmor initialized
[    0.186523] Dentry cache hash table entries: 131072 (order: 8, 1048576 bytes)
[    0.189976] Inode-cache hash table entries: 65536 (order: 7, 524288 bytes)
[    0.191782] Mount-cache hash table entries: 2048 (order: 2, 16384 bytes)
[    0.193356] Mountpoint-cache hash table entries: 2048 (order: 2, 16384 bytes)
[    0.195739] Initializing cgroup subsys io
[    0.196822] Initializing cgroup subsys memory
[    0.197920] Initializing cgroup subsys devices
[    0.199070] Initializing cgroup subsys freezer
[    0.200405] Initializing cgroup subsys net_cls
[    0.201593] Initializing cgroup subsys perf_event
[    0.202761] Initializing cgroup subsys net_prio
[    0.203925] Initializing cgroup subsys hugetlb
[    0.205097] Initializing cgroup subsys pids
[    0.207139] mce: CPU supports 0 MCE banks
[    0.208265] Last level iTLB entries: 4KB 64, 2MB 8, 4MB 8
[    0.209622] Last level dTLB entries: 4KB 64, 2MB 0, 4MB 0, 1GB 4
[    0.211137] Spectre V1 : Mitigation: usercopy/swapgs barriers and __user pointer sanitization
[    0.213394] Spectre V2 : Mitigation: Full generic retpoline
[    0.214731] Spectre V2 : Spectre v2 / SpectreRSB mitigation: Filling RSB on context switch
[    0.216925] Speculative Store Bypass: Vulnerable
[    0.218215] SRBDS: Unknown: Dependent on hypervisor status
[    0.219701] MDS: Vulnerable: Clear CPU buffers attempted, no microcode
[    0.223909] Freeing SMP alternatives memory: 36K
[    0.231116] ftrace: allocating 32337 entries in 127 pages
[    0.290628] smpboot: APIC(0) Converting physical 0 to logical package 0
[    0.292806] smpboot: Max logical packages: 1
[    0.294348] x2apic enabled
[    0.295349] Switched APIC routing to physical x2apic.
[    0.297784] ..TIMER: vector=0x30 apic1=0 pin1=2 apic2=-1 pin2=-1
[    0.407331] smpboot: CPU0: Intel(R) Core(TM) i5-5257U CPU @ 2.70GHz (family: 0x6, model: 0x3d, stepping: 0x4)
[    0.410016] Performance Events: unsupported p6 CPU model 61 no PMU driver, software events only.
[    0.423151] KVM setup paravirtual spinlock
[    0.425093] x86: Booting SMP configuration:
[    0.426260] .... node  #0, CPUs:      #1
[    0.427688] kvm-clock: cpu 1, msr 0:3ffe3041, secondary cpu clock
[    0.430348] mce: CPU supports 0 MCE banks
[    0.433476] x86: Booted up 1 node, 2 CPUs
[    0.434818] smpboot: Total of 2 processors activated (10800.00 BogoMIPS)
[    0.437039] devtmpfs: initialized
[    0.439217] evm: security.selinux
[    0.440318] evm: security.SMACK64
[    0.441280] evm: security.SMACK64EXEC
[    0.442264] evm: security.SMACK64TRANSMUTE
[    0.443299] evm: security.SMACK64MMAP
[    0.444587] evm: security.ima
[    0.445417] evm: security.capability
[    0.446702] clocksource: jiffies: mask: 0xffffffff max_cycles: 0xffffffff, max_idle_ns: 7645041785100000 ns
[    0.449213] futex hash table entries: 512 (order: 3, 32768 bytes)
[    0.450911] pinctrl core: initialized pinctrl subsystem
[    0.452453] RTC time: 11:24:29, date: 08/25/20
[    0.454331] NET: Registered protocol family 16
[    0.468881] cpuidle: using governor ladder
[    0.480338] cpuidle: using governor menu
[    0.481776] PCCT header not found.
[    0.483289] ACPI: bus type PCI registered
[    0.484710] acpiphp: ACPI Hot Plug PCI Controller Driver version: 0.5
[    0.487880] PCI: Using configuration type 1 for base access
[    0.500767] ACPI: Added _OSI(Module Device)
[    0.501882] ACPI: Added _OSI(Processor Device)
[    0.503703] ACPI: Added _OSI(3.0 _SCP Extensions)
[    0.505247] ACPI: Added _OSI(Processor Aggregator Device)
[    0.507534] ACPI: Executed 1 blocks of module-level executable AML code
[    0.511271] ACPI: Interpreter enabled
[    0.512347] ACPI: (supports S0 S5)
[    0.513254] ACPI: Using IOAPIC for interrupt routing
[    0.514650] PCI: Using host bridge windows from ACPI; if necessary, use "pci=nocrs" and report a bug
[    0.521400] ACPI: PCI Root Bridge [PCI0] (domain 0000 [bus 00-ff])
[    0.522926] acpi PNP0A03:00: _OSC: OS supports [ASPM ClockPM Segments MSI]
[    0.524914] acpi PNP0A03:00: _OSC: not requesting OS control; OS requires [ExtendedConfig ASPM ClockPM MSI]
[    0.527675] acpi PNP0A03:00: fail to add MMCONFIG information, can't access extended PCI configuration space under this bridge.
[    0.530943] PCI host bridge to bus 0000:00
[    0.532017] pci_bus 0000:00: root bus resource [io  0x0000-0x0cf7 window]
[    0.533656] pci_bus 0000:00: root bus resource [io  0x0d00-0xffff window]
[    0.535330] pci_bus 0000:00: root bus resource [mem 0x000a0000-0x000bffff window]
[    0.537340] pci_bus 0000:00: root bus resource [mem 0x40000000-0xfdffffff window]
[    0.539323] pci_bus 0000:00: root bus resource [bus 00-ff]
[    0.543379] pci 0000:00:01.1: legacy IDE quirk: reg 0x10: [io  0x01f0-0x01f7]
[    0.545408] pci 0000:00:01.1: legacy IDE quirk: reg 0x14: [io  0x03f6]
[    0.547010] pci 0000:00:01.1: legacy IDE quirk: reg 0x18: [io  0x0170-0x0177]
[    0.557932] pci 0000:00:01.1: legacy IDE quirk: reg 0x1c: [io  0x0376]
[    0.579544] pci 0000:00:07.0: quirk: [io  0x4000-0x403f] claimed by PIIX4 ACPI
[    0.581619] pci 0000:00:07.0: quirk: [io  0x4100-0x410f] claimed by PIIX4 SMB
[    0.590639] ACPI: PCI Interrupt Link [LNKA] (IRQs 5 9 10 *11)
[    0.592761] ACPI: PCI Interrupt Link [LNKB] (IRQs 5 9 *10 11)
[    0.594935] ACPI: PCI Interrupt Link [LNKC] (IRQs 5 *9 10 11)
[    0.597055] ACPI: PCI Interrupt Link [LNKD] (IRQs 5 9 10 *11)
[    0.599109] ACPI: Enabled 2 GPEs in block 00 to 07
[    0.600790] vgaarb: setting as boot device: PCI:0000:00:02.0
[    0.602278] vgaarb: device added: PCI:0000:00:02.0,decodes=io+mem,owns=io+mem,locks=none
[    0.604440] vgaarb: loaded
[    0.605246] vgaarb: bridge control possible 0000:00:02.0
[    0.606869] SCSI subsystem initialized
[    0.608089] ACPI: bus type USB registered
[    0.609197] usbcore: registered new interface driver usbfs
[    0.610784] usbcore: registered new interface driver hub
[    0.612221] usbcore: registered new device driver usb
[    0.613750] PCI: Using ACPI for IRQ routing
[    0.616811] NetLabel: Initializing
[    0.617822] NetLabel:  domain hash size = 128
[    0.619006] NetLabel:  protocols = UNLABELED CIPSOv4
[    0.620309] NetLabel:  unlabeled traffic allowed by default
[    0.621921] amd_nb: Cannot enumerate AMD northbridges
[    0.623391] clocksource: Switched to clocksource kvm-clock
[    0.632984] AppArmor: AppArmor Filesystem Enabled
[    0.634349] pnp: PnP ACPI init
[    0.636500] pnp: PnP ACPI: found 3 devices
[    0.646944] clocksource: acpi_pm: mask: 0xffffff max_cycles: 0xffffff, max_idle_ns: 2085701024 ns
[    0.650518] NET: Registered protocol family 2
[    0.652154] TCP established hash table entries: 8192 (order: 4, 65536 bytes)
[    0.654666] TCP bind hash table entries: 8192 (order: 5, 131072 bytes)
[    0.656817] TCP: Hash tables configured (established 8192 bind 8192)
[    0.659153] UDP hash table entries: 512 (order: 2, 16384 bytes)
[    0.661696] UDP-Lite hash table entries: 512 (order: 2, 16384 bytes)
[    0.663533] NET: Registered protocol family 1
[    0.665050] pci 0000:00:00.0: Limiting direct PCI/PCI transfers
[    0.667778] pci 0000:00:01.0: Activating ISA DMA hang workarounds
[    0.669803] Unpacking initramfs...
[    0.939747] Freeing initrd memory: 14884K
[    0.941091] RAPL PMU detected, API unit is 2^-32 Joules, 4 fixed counters 10737418240 ms ovfl timer
[    0.943382] hw unit of domain pp0-core 2^-0 Joules
[    0.945017] hw unit of domain package 2^-0 Joules
[    0.946235] hw unit of domain dram 2^-0 Joules
[    0.947339] hw unit of domain pp1-gpu 2^-0 Joules
[    0.948666] clocksource: tsc: mask: 0xffffffffffffffff max_cycles: 0x26eb3e3cc63, max_idle_ns: 440795236593 ns
[    0.951124] platform rtc_cmos: registered platform RTC device (no PNP device found)
[    0.953360] Scanning for low memory corruption every 60 seconds
[    0.955387] audit: initializing netlink subsys (disabled)
[    0.956879] audit: type=2000 audit(1598354675.385:1): initialized
[    0.958645] Initialise system trusted keyring
[    0.960138] HugeTLB registered 2 MB page size, pre-allocated 0 pages
[    0.963442] zbud: loaded
[    0.964724] VFS: Disk quotas dquot_6.6.0
[    0.965834] VFS: Dquot-cache hash table entries: 512 (order 0, 4096 bytes)
[    0.967692] squashfs: version 4.0 (2009/01/31) Phillip Lougher
[    0.969479] fuse init (API version 7.23)
[    0.970698] Key type big_key registered
[    0.971707] Allocating IMA MOK and blacklist keyrings.
[    0.974886] Key type asymmetric registered
[    0.976153] Asymmetric key parser 'x509' registered
[    0.977632] Block layer SCSI generic (bsg) driver version 0.4 loaded (major 249)
[    0.979772] io scheduler noop registered
[    0.980829] io scheduler deadline registered (default)
[    0.982578] io scheduler cfq registered
[    0.983769] pci_hotplug: PCI Hot Plug PCI Core version: 0.5
[    0.985292] pciehp: PCI Express Hot Plug Controller Driver version: 0.4
[    0.987307] ACPI: AC Adapter [AC] (off-line)
[    0.989198] input: Power Button as /devices/LNXSYSTM:00/LNXPWRBN:00/input/input0
[    0.991522] ACPI: Power Button [PWRF]
[    0.993021] input: Sleep Button as /devices/LNXSYSTM:00/LNXSLPBN:00/input/input1
[    0.996863] ACPI: Sleep Button [SLPF]
[    0.999260] ACPI: Battery Slot [BAT0] (battery present)
[    1.002357] GHES: HEST is not enabled!
[    1.003452] Serial: 8250/16550 driver, 32 ports, IRQ sharing enabled
[    1.025769] 00:02: ttyS0 at I/O 0x3f8 (irq = 4, base_baud = 115200) is a 16550A
[    1.029026] Linux agpgart interface v0.103
[    1.031946] loop: module loaded
[    1.033518] scsi host0: ata_piix
[    1.034666] scsi host1: ata_piix
[    1.036168] ata1: PATA max UDMA/33 cmd 0x1f0 ctl 0x3f6 bmdma 0xd000 irq 14
[    1.037787] ata2: PATA max UDMA/33 cmd 0x170 ctl 0x376 bmdma 0xd008 irq 15
[    1.039504] libphy: Fixed MDIO Bus: probed
[    1.040673] tun: Universal TUN/TAP device driver, 1.6
[    1.042026] tun: (C) 1999-2004 Max Krasnyansky <maxk@qualcomm.com>
[    1.043541] PPP generic driver version 2.4.2
[    1.044996] ehci_hcd: USB 2.0 'Enhanced' Host Controller (EHCI) Driver
[    1.046605] ehci-pci: EHCI PCI platform driver
[    1.047864] ehci-platform: EHCI generic platform driver
[    1.049173] ohci_hcd: USB 1.1 'Open' Host Controller (OHCI) Driver
[    1.050649] ohci-pci: OHCI PCI platform driver
[    1.051842] ohci-platform: OHCI generic platform driver
[    1.053113] uhci_hcd: USB Universal Host Controller Interface driver
[    1.054650] i8042: PNP: PS/2 Controller [PNP0303:PS2K,PNP0f03:PS2M] at 0x60,0x64 irq 1,12
[    1.057350] serio: i8042 KBD port at 0x60,0x64 irq 1
[    1.058579] serio: i8042 AUX port at 0x60,0x64 irq 12
[    1.060014] mousedev: PS/2 mouse device common for all mice
[    1.062119] rtc_cmos rtc_cmos: rtc core: registered rtc_cmos as rtc0
[    1.063797] rtc_cmos rtc_cmos: alarms up to one day, 114 bytes nvram
[    1.066381] i2c /dev entries driver
[    1.067712] device-mapper: uevent: version 1.0.3
[    1.067746] input: AT Translated Set 2 keyboard as /devices/platform/i8042/serio0/input/input2
[    1.072505] device-mapper: ioctl: 4.34.0-ioctl (2015-10-28) initialised: dm-devel@redhat.com
[    1.074703] ledtrig-cpu: registered to indicate activity on CPUs
[    1.077012] NET: Registered protocol family 10
[    1.078635] NET: Registered protocol family 17
[    1.079915] Key type dns_resolver registered
[    1.081696] registered taskstats version 1
[    1.082758] Loading compiled-in X.509 certificates
[    1.084640] Loaded X.509 cert 'Build time autogenerated kernel key: f06b7227f29f55afa9b8968d1b82289d30ebc7c3'
[    1.087568] zswap: loaded using pool lzo/zbud
[    1.090499] Key type trusted registered
[    1.094957] Key type encrypted registered
[    1.096137] AppArmor: AppArmor sha1 policy hashing enabled
[    1.097446] ima: No TPM chip found, activating TPM-bypass!
[    1.098758] ima: Allocated hash algorithm: sha1
[    1.099951] evm: HMAC attrs: 0x1
[    1.101223]   Magic number: 0:432:429
[    1.102327] rtc_cmos rtc_cmos: setting system clock to 2020-08-25 11:24:30 UTC (1598354670)
[    1.104730] BIOS EDD facility v0.16 2004-Jun-25, 0 devices found
[    1.106215] EDD information not available.
[    1.654056] Freeing unused kernel memory: 1492K
[    1.655304] Write protecting the kernel read-only data: 14336k
[    1.657312] Freeing unused kernel memory: 1592K
[    1.658637] Freeing unused kernel memory: 56K
Loading, please wait...
starting version 229
[    1.674192] random: systemd-udevd: uninitialized urandom read (16 bytes read, 3 bits of entropy available)
[    1.674410] random: udevadm: uninitialized urandom read (16 bytes read, 3 bits of entropy available)
[    1.674427] random: udevadm: uninitialized urandom read (16 bytes read, 3 bits of entropy available)
[    1.682560] random: udevadm: uninitialized urandom read (16 bytes read, 3 bits of entropy available)
[    1.682601] random: udevadm: uninitialized urandom read (16 bytes read, 3 bits of entropy available)
[    1.682721] random: udevadm: uninitialized urandom read (16 bytes read, 3 bits of entropy available)
[    1.682765] random: udevadm: uninitialized urandom read (16 bytes read, 3 bits of entropy available)
[    1.682808] random: udevadm: uninitialized urandom read (16 bytes read, 3 bits of entropy available)
[    1.682852] random: udevadm: uninitialized urandom read (16 bytes read, 3 bits of entropy available)
[    1.682894] random: udevadm: uninitialized urandom read (16 bytes read, 3 bits of entropy available)
[    1.735437] e1000: Intel(R) PRO/1000 Network Driver - version 7.3.21-k8-NAPI
[    1.737820] e1000: Copyright (c) 1999-2006 Intel Corporation.
[    1.744751] Fusion MPT base driver 3.04.20
[    1.746179] Copyright (c) 1999-2008 LSI Corporation
[    1.752837] Fusion MPT SPI Host driver 3.04.20
[    1.763610] AVX2 version of gcm_enc/dec engaged.
[    1.765188] AES CTR mode by8 optimization enabled
[    1.945497] input: ImExPS/2 Generic Explorer Mouse as /devices/platform/i8042/serio1/input/input4
[    2.177315] e1000 0000:00:03.0 eth0: (PCI:33MHz:32-bit) 02:98:c6:81:17:55
[    2.179468] e1000 0000:00:03.0 eth0: Intel(R) PRO/1000 Network Connection
[    2.183469] e1000 0000:00:03.0 enp0s3: renamed from eth0
[    2.185510] mptbase: ioc0: Initiating bringup
[    2.934680] ioc0: LSI53C1030 A0: Capabilities={Initiator}
[    6.951304] scsi host2: ioc0: LSI53C1030 A0, FwRev=00000000h, Ports=1, MaxQ=256, IRQ=20
[    8.957075] scsi 2:0:0:0: Direct-Access     VBOX     HARDDISK         1.0  PQ: 0 ANSI: 5
[    8.959690] scsi target2:0:0: Beginning Domain Validation
[    8.963185] scsi target2:0:0: Domain Validation skipping write tests
[    8.965042] scsi target2:0:0: Ending Domain Validation
[    8.976008] scsi target2:0:0: asynchronous
[    8.978172] scsi 2:0:1:0: Direct-Access     VBOX     HARDDISK         1.0  PQ: 0 ANSI: 5
[    8.980328] scsi target2:0:1: Beginning Domain Validation
[    8.984204] scsi target2:0:1: Domain Validation skipping write tests
[    8.985916] scsi target2:0:1: Ending Domain Validation
[    8.987313] scsi target2:0:1: asynchronous
[    8.994831] sd 2:0:0:0: Attached scsi generic sg0 type 0
[    8.996534] sd 2:0:0:0: [sda] 20971520 512-byte logical blocks: (10.7 GB/10.0 GiB)
[    8.999124] sd 2:0:1:0: [sdb] 20480 512-byte logical blocks: (10.5 MB/10.0 MiB)
[    8.999376] sd 2:0:1:0: Attached scsi generic sg1 type 0
[    9.004890] sd 2:0:0:0: [sda] Write Protect is off
[    9.005009] sd 2:0:1:0: [sdb] Write Protect is off
[    9.005311] sd 2:0:1:0: [sdb] Incomplete mode parameter data
[    9.005313] sd 2:0:1:0: [sdb] Assuming drive cache: write through
[    9.017319] sd 2:0:0:0: [sda] Incomplete mode parameter data
[    9.019762] sd 2:0:1:0: [sdb] Attached SCSI disk
[    9.022215] sd 2:0:0:0: [sda] Assuming drive cache: write through
[    9.032860]  sda: sda1
[    9.035825] sd 2:0:0:0: [sda] Attached SCSI disk
Begin: Loading essential drivers ... [   10.448648] md: linear personality registered for level -1
[   10.452807] md: multipath personality registered for level -4
[   10.457904] md: raid0 personality registered for level 0
[   10.463812] md: raid1 personality registered for level 1
[   10.535471] raid6: sse2x1   gen()  8919 MB/s
[   10.603686] raid6: sse2x1   xor()  6629 MB/s
[   10.671591] raid6: sse2x2   gen() 11536 MB/s
[   10.739654] raid6: sse2x2   xor()  7756 MB/s
[   10.807446] raid6: sse2x4   gen() 12051 MB/s
[   10.875722] raid6: sse2x4   xor()  6995 MB/s
[   10.943512] raid6: avx2x1   gen() 13875 MB/s
[   11.011686] raid6: avx2x2   gen() 18137 MB/s
[   11.079471] raid6: avx2x4   gen() 17942 MB/s
[   11.081854] raid6: using algorithm avx2x2 gen() 18137 MB/s
[   11.084812] raid6: using avx2x2 recovery algorithm
[   11.090323] xor: automatically using best checksumming function:
[   11.131527]    avx       : 13543.000 MB/sec
[   11.136665] async_tx: api initialized (async)
[   11.159783] md: raid6 personality registered for level 6
[   11.161732] md: raid5 personality registered for level 5
[   11.164841] md: raid4 personality registered for level 4
[   11.176653] md: raid10 personality registered for level 10
done.
Begin: Running /scripts/init-premount ... done.
Begin: Mounting root file system ... Begin: Running /scripts/local-top ... done.
Begin: Running /scripts/local-premount ... [   11.213533] Btrfs loaded
Scanning for Btrfs filesystems
done.
Warning: fsck not present, so skipping root file system
[   11.250308] EXT4-fs (sda1): mounted filesystem with ordered data mode. Opts: (null)
done.
Begin: Running /scripts/local-bottom ... done.
Begin: Running /scripts/init-bottom ... done.
[   11.367930] systemd[1]: systemd 229 running in system mode. (+PAM +AUDIT +SELINUX +IMA +APPARMOR +SMACK +SYSVINIT +UTMP +LIBCRYPTSETUP +GCRYPT +GNUTLS +ACL +XZ -LZ4 +SECCOMP +BLKID +ELFUTILS +KMOD -IDN)
[   11.372420] systemd[1]: Detected virtualization oracle.
[   11.373746] systemd[1]: Detected architecture x86-64.

Welcome to [1mUbuntu 16.04.7 LTS[0m!

[   11.379839] systemd[1]: Set hostname to <ubuntu>.
[   11.384430] systemd[1]: Initializing machine ID from random generator.
[   11.386202] systemd[1]: Installed transient /etc/machine-id file.
[   11.552724] systemd[1]: Listening on Device-mapper event daemon FIFOs.
[[0;32m  OK  [0m] Listening on Device-mapper event daemon FIFOs.
[   11.556080] systemd[1]: Listening on LVM2 poll daemon socket.
[[0;32m  OK  [0m] Listening on LVM2 poll daemon socket.
[   11.558939] systemd[1]: Listening on Syslog Socket.
[[0;32m  OK  [0m] Listening on Syslog Socket.
[   11.561426] systemd[1]: Reached target Encrypted Volumes.
[[0;32m  OK  [0m] Reached target Encrypted Volumes.
[   11.731312] systemd[1]: Reached target System Time Synchronized.
[[0;32m  OK  [0m] Reached target System Time Synchronized.
[   11.763937] systemd[1]: Reached target Swap.
[[0;32m  OK  [0m] Reached target Swap.
[   11.771433] systemd[1]: Created slice System Slice.
[[0;32m  OK  [0m] Created slice System Slice.
[   11.775979] systemd[1]: Started Forward Password Requests to Wall Directory Watch.
[[0;32m  OK  [0m] Started Forward Password Requests to Wall Directory Watch.
[   11.781506] systemd[1]: Created slice User and Session Slice.
[[0;32m  OK  [0m] Created slice User and Session Slice.
[   11.785182] systemd[1]: Listening on Journal Socket.
[[0;32m  OK  [0m] Listening on Journal Socket.
[   11.800135] systemd[1]: Starting Load Kernel Modules...
         Starting Load Kernel Modules...
[   11.805152] systemd[1]: Mounting Huge Pages File System...
         Mounting Huge Pages File System...
[   11.813254] systemd[1]: Starting Create list of required static device nodes for the current kernel...
         Starting Create list of required st... nodes for the current kernel...
[   11.822196] systemd[1]: Starting Uncomplicated firewall...
         Starting Uncomplicated firewall...
[   11.829128] systemd[1]: Set up automount Arbitrary Executable File Formats File System Automount Point.
[   11.834134] Loading iSCSI transport class v2.0-870.
[[0;32m  OK  [0m] Set up automount Arbitrary Executab...ats File System Automount Point.
[   11.844211] iscsi: registered transport (tcp)
[   11.851611] systemd[1]: Mounting POSIX Message Queue File System...
         Mounting POSIX Message Queue File System...
[   11.856624] systemd[1]: Listening on /dev/initctl Compatibility Named Pipe.
[[0;32m  OK  [0m] Listening on /dev/initctl Compatibility Named Pipe.
[   11.868957] systemd[1]: Listening on Journal Socket (/dev/log).
[[0;32m  OK  [0m] Listening on Journal Socket (/dev/log).
[   11.873272] systemd[1]: Reached target User and Group Name Lookups.
[[0;32m  OK  [0m] Reached target User and Group Name Lookups.
[   11.878308] systemd[1]: Starting Remount Root and Kernel File Systems...
         Starting Remount Root and Kernel File Systems...
[   11.883474] systemd[1]: Started Trigger resolvconf update for networkd DNS.
[[0;32m  OK  [0m] Started Trigger resolvconf update for networkd DNS.
[   11.891221] iscsi: registered transport (iser)
[   11.891261] EXT4-fs (sda1): re-mounted. Opts: (null)
[   11.900130] systemd[1]: Starting Nameserver information manager...
         Starting Nameserver information manager...
[   11.903492] systemd[1]: Listening on Journal Audit Socket.
[[0;32m  OK  [0m] Listening on Journal Audit Socket.
[   11.908004] systemd[1]: Starting Journal Service...
         Starting Journal Service...
[   11.911888] systemd[1]: Listening on udev Control Socket.
[[0;32m  OK  [0m] Listening on udev Control Socket.
[   11.915651] systemd[1]: Reached target Slices.
[[0;32m  OK  [0m] Reached target Slices.
[   11.920437] systemd[1]: Starting Set console keymap...
         Starting Set console keymap...
[   11.925278] systemd[1]: Listening on udev Kernel Socket.
[[0;32m  OK  [0m] Listening on udev Kernel Socket.
[   11.932638] systemd[1]: Created slice system-serial\x2dgetty.slice.
[[0;32m  OK  [0m] Created slice system-serial\x2dgetty.slice.
[   11.938483] systemd[1]: Mounting Debug File System...
         Mounting Debug File System...
[   11.942981] systemd[1]: Listening on LVM2 metadata daemon socket.
[[0;32m  OK  [0m] Listening on LVM2 metadata daemon socket.
[   11.948814] systemd[1]: Starting Monitoring of LVM2 mirrors, snapshots etc. using dmeventd or progress polling...
         Starting Monitoring of LVM2 mirrors... dmeventd or progress polling...
[   11.960277] systemd[1]: Mounted Huge Pages File System.
[[0;32m  OK  [0m] Mounted Huge Pages File System.
[   11.970855] systemd[1]: Mounted POSIX Message Queue File System.
[[0;32m  OK  [0m] Mounted POSIX Message Queue File System.
[   11.977357] systemd[1]: Mounted Debug File System.
[[0;32m  OK  [0m] Mounted Debug File System.
[   11.981876] systemd[1]: Started Journal Service.
[[0;32m  OK  [0m] Started Journal Service.
[[0;32m  OK  [0m] Started Load Kernel Modules.
[[0;32m  OK  [0m] Started Create list of required sta...ce nodes for the current kernel.
[[0;32m  OK  [0m] Started Uncomplicated firewall.
[[0;32m  OK  [0m] Started Remount Root and Kernel File Systems.
[[0;32m  OK  [0m] Started Set console keymap.
[[0;32m  OK  [0m] Started Nameserver information manager.
[[0;32m  OK  [0m] Started LVM2 metadata daemon.
         Starting udev Coldplug all Devices...
         Starting Load/Save Random Seed...
         Starting Create Static Device Nodes in /dev...
         Mounting FUSE Control File System...
         Starting Apply K[   12.040960] random: nonblocking pool is initialized
ernel Variables...
         Starting Flush Journal to Persistent Storage...
[[0;32m  OK  [0m] Mounted FUSE Control File System.
[[0;32m  OK  [0m] Started Load/Save Random Seed.
[[0;32m  OK  [0m] Started Create Static Device Nodes in /dev.
[[0;32m  OK  [0m] Started Apply Kernel Variables.
         Starting udev Kernel Device Manager...
[[0;32m  OK  [0m] Started Flush Journal to Persistent Storage.
[[0;32m  OK  [0m] Started udev Kernel Device Manager.
[[0;32m  OK  [0m] Started udev Coldplug all Devices.
[[0;32m  OK  [0m] Started Dispatch Password Requests to Console Directory Watch.
[[0;32m  OK  [0m] Started Monitoring of LVM2 mirrors,...ng dmeventd or progress polling.
[[0;32m  OK  [0m] Reached target Local File Systems (Pre).
[[0;32m  OK  [0m] Reached target Local File Systems.
         Starting Initial cloud-init job (pre-networking)...
         Starting Commit a transient machine-id on disk...
         Starting Tell Plymouth To Write Out Runtime Data...
         Starting Set console font and keymap...
         Starting LSB: AppArmor initialization...
         Starting Create Volatile Files and Directories...
[[0;32m  OK  [0m] Started Commit a transient machine-id on disk.
[[0;32m  OK  [0m] Started Tell Plymouth To Write Out Runtime Data.
[[0;32m  OK  [0m] Started Create Volatile Files and Directories.
         Starting Update UTMP about System Boot/Shutdown...
[[0;32m  OK  [0m] Started Update UTMP about System Boot/Shutdown.
[[0;32m  OK  [0m] Found device /dev/ttyS0.
[[0;32m  OK  [0m] Listening on Load/Save RF Kill Switch Status /dev/rfkill Watch.
[[0;32m  OK  [0m] Started LSB: AppArmor initialization.
[   14.461861] cloud-init[483]: Cloud-init v. 20.2-45-g5f7825e2-0ubuntu1~16.04.1 running 'init-local' at Tue, 25 Aug 2020 11:24:43 +0000. Up 14.04 seconds.
         Starting Load AppArmor profiles managed internally by snapd...
[[0;32m  OK  [0m] Started Initial cloud-init job (pre-networking).
[[0;32m  OK  [0m] Started Load AppArmor profiles managed internally by snapd.
[[0;32m  OK  [0m] Reached target Network (Pre).
         Starting Raise network interfaces...
[[0;32m  OK  [0m] Started Set console font and keymap.
[[0;32m  OK  [0m] Created slice system-getty.slice.
[[0;32m  OK  [0m] Started Raise network interfaces.
         Starting Initial cloud-init job (metadata service crawler)...
[[0;32m  OK  [0m] Reached target Network.
[   15.950497] cloud-init[954]: Cloud-init v. 20.2-45-g5f7825e2-0ubuntu1~16.04.1 running 'init' at Tue, 25 Aug 2020 11:24:44 +0000. Up 15.37 seconds.
[   15.961002] cloud-init[954]: ci-info: ++++++++++++++++++++++++++++++++++++++Net device info++++++++++++++++++++++++++++++++++++++
[   15.968679] cloud-init[954]: ci-info: +--------+------+----------------------------+---------------+--------+-------------------+
[   15.976930] cloud-init[954]: ci-info: | Device |  Up  |          Address           |      Mask     | Scope  |     Hw-Address    |
[   15.978770] cloud-init[954]: ci-info: +--------+------+----------------------------+---------------+--------+-------------------+
[   15.980860] cloud-init[954]: ci-info: | enp0s3 | True |         10.0.2.15          | 255.255.255.0 | global | 02:98:c6:81:17:55 |
[   15.984679] cloud-init[954]: ci-info: | enp0s3 | True | fe80::98:c6ff:fe81:1755/64 |       .       |  link  | 02:98:c6:81:17:55 |
[   15.987742] cloud-init[954]: ci-info: |   lo   | True |         127.0.0.1          |   255.0.0.0   |  host  |         .         |
[   15.990593] cloud-init[954]: ci-info: |   lo   | True |          ::1/128           |       .       |  host  |         .         |
[   15.993599] cloud-init[954]: ci-info: +--------+------+----------------------------+---------------+--------+-------------------+
[   15.997349] cloud-init[954]: ci-info: +++++++++++++++++++++++++++Route IPv4 info++++++++++++++++++++++++++++
[   16.000526] cloud-init[954]: ci-info: +-------+-------------+----------+---------------+-----------+-------+
[   16.003778] cloud-init[954]: ci-info: | Route | Destination | Gateway  |    Genmask    | Interface | Flags |
[   16.007399] cloud-init[954]: ci-info: +-------+-------------+----------+---------------+-----------+-------+
[   16.011453] cloud-init[954]: ci-info: |   0   |   0.0.0.0   | 10.0.2.2 |    0.0.0.0    |   enp0s3  |   UG  |
[   16.016188] cloud-init[954]: ci-info: |   1   |   10.0.2.0  | 0.0.0.0  | 255.255.255.0 |   enp0s3  |   U   |
[   16.020573] [[0;32m  OK  [0m] Started Initial cloud-init job (metadata service crawler).
cloud-init[954]: ci-info: +-------+-------------+----------+---------------+-----------+-------+
[[0;32m  OK  [0m] Reached target Network is Online.
[   16.030428] cloud-init[954]: ci-info: +++++++++++++++++++Route IPv6 info+++++++++++++++++++
[   16.035632] cloud-init[954]: ci-info: +-------+-------------+---------+-----------+-------+
[   16.038033] cloud-init[954]: ci-info: | Route | Destination | Gateway | Interface | Flags |
[   16.040658] cloud-init[954]: ci-info: +-------+-------------+---------+-----------+-------+
[   16.043382] cloud-init[954]: ci-info: |   0   |  fe80::/64  |    ::   |   enp0s3  |   U   |
[   16.046080] cloud-init[954]: ci-info: |   3   |   ff00::/8  |    ::   |   enp0s3  |   U   |
[   16.048732] cloud-init[954]: ci-info: +-------+-------------+---------+-----------+-------+
[   16.051131] cloud-init[954]: Generating public/private rsa key pair.
         Starting iSCSI initiator daemon (iscsid)...
[[0;32m  OK  [0m] Reached target System Initialization.
[   16.061442] cloud-init[954]: Your identification has been saved in /etc/ssh/ssh_host_rsa_key.
[   16.069773] cloud-init[954]: Your public key has been saved in /etc/ssh/ssh_host_rsa_key.pub.
[   16.070695] cloud-init[954]: The key fingerprint is:
[[0;32m  OK  [0m] Started ACPI Events Check.
[   16.071075] cloud-init[954]: SHA256:hXi6l0pJMbR2Dc3ZvplkWZ09p+cgIDjpv6VIcpi+OPA root@ubuntu-xenial
[   16.078507] cloud-init[954]: The key's randomart image is:
[   16.078789] cloud-init[[954]: [0;32m  OK  [0m+---[RSA 2048]----+] 
Reached target Paths.
[[0;32m  OK  [0m] Started Message of the Day.
[[0;32m  OK  [0m] Listening on D-Bus System Message Bus Socket.
         Starting LXD - unix socket.
[[0;32m  OK  [0m] Started Daily apt download activities.
[[0;32m  OK  [0m] Started Daily apt upgrade and clean activities.
[[0;32m  OK  [0m] Listening on ACPID Listen Socket.
[[0;32m  OK  [0m] Listening on UUID daemon activation socket.
         Starting Socket activation for snappy daemon.
[[0;32m  OK  [0m] Started Daily Cleanup of Temporary Directories.
[[0;32m  OK  [0m] Reached target Timers.
[[0;32m  OK  [0m] Reached target Cloud-config availability.
[   16.080131] cloud-init[954]: |      .o.o o   .o|
[   16.105012] cloud-init[954]: |     .+o.+= . .o+|
[   16.107787] cloud-init[954]: |     .*.+.oo o .o|
[   16.110854] cloud-init[954]: |     ..* .  * o .|
[   16.112905] cloud-init[[0;32m  OK  [0m] Listening on LXD - unix socket.
[[0;32m  OK  [0m] Listening on Socket activation for snappy daemon.
[954]: |     oo.S  o = + |
[   16.119667] cloud-init[954]: |.   +.oo... +   .|
[   16.120575] cloud-init[954]: | o . ++.o+       |
[   16.120663] cloud-init[954]: |  E....oo        |
[   16.120738] cloud-init[954]: |  .....          |
[   16.120796] cloud-init[954]: +----[SHA256]-----+
[   16.120856] cloud-init[954]: Generating public/private dsa key pair.
[[0;32m  OK  [0m] Reached target Sockets.
[[0;32m  OK  [0m] Reached target Basic System.
[   16.120913] cloud-init[954]: Your identification has been saved in /etc/ssh/ssh_host_dsa_key.
[   16.136858] cloud-init[954]: Your public key has been saved in /etc/ssh/ssh_host_dsa_key.pub.
[   16.138761] cloud-init[954]: The key fingerprint is:
[   16.140539] [[0;32m  OK  [0m] Started ACPI event daemon.
cloud-init[954]: SHA256:St2AnMx5JM96eT3dJ05Y1PaDplYKZQDUPglnGOdpRsM root@ubuntu-xenial
         Starting Accounts Service...
[   16.150430]          cloud-initStarting LSB: Record successful boot for GRUB...[954]: 
The key's randomart image is:
         Starting Virtualbox guest utils...
[   16.157070] [[0;32m  OK  [0m] Started Regular background program processing daemon.
         Starting Login Service...
         Starting /etc/rc.local Compatibility...
[[0;32m  OK  [0m] Started Deferred execution scheduler.
cloud-init[954]: +---[DSA 1024]----+
         Starting Pollinate to seed the pseudo random number generator...
[[0;32m  OK  [0m] Started D-Bus System Message Bus.
[   16.186958] cloud-init[954]: |      o+B=.   .. |
[   16.196720] cloud-init[954]: |     + @+Eoo .  o|
[   16.204672] cloud-init[954]: |      B X=+   o..|
[   16.209343] cloud-init[954]: |       +oO . B o.|
[   16.211522] cloud-init[954]: |      o S = O + +|
[   16.214057] cloud-init[954]: |     . o . + + ..|
[   16.218461] cloud-init[954]: |      .   .   .  |
[   16.220586] cloud-init[954]: |                 |
[   16.223034] cloud-init[954]: |                 |
[   16.226923] cloud-init[954]: +----[SHA256]-----+
[   16.236426] cloud-init[954]: Generating public/private ecdsa key pair.
[   16.238284] cloud-init[954]: Your identification has been saved in /etc/ssh/ssh_host_ecdsa_key.
[   16.239497] cloud-init[954]: Your public key has been saved in /etc/ssh/ssh_host_ecdsa_key.pub.
         Starting Snap Daemon...
         Starting LSB: MD monitoring daemon...
[[0;32m  OK  [0m] Started FUSE filesystem for LXC.
[   16.243824] cloud-init[954]: The key fingerprint is:
[   16.266854] cloud-init[954]: SHA256:cN0ZTJs+RbdIT20iNszQ5/CKr09DSsB94uPy/KNpS/8 root@ubuntu-xenial
[   16.267854] cloud-init[954]: The key's randomart image is:
         Starting System Logging Service...
[   16.268313] cloud-init[954]: +---[ECDSA 256]---+
         [   16.276438] cloud-init[954]: |          .Bo...o|
Starting LXD - container startup/shutdown...
[   16.277340] cloud-init[954]: |       . o .@**.+|
[   16.284915] cloud-init[954]: |      . + +.*O.= |
[   16.285081] cloud-init[954]: |       o o + .o  |
[[0;32m  OK  [0m] Started iSCSI initiator daemon (iscsid).
[[0;32m  OK  [0m] Started /etc/rc.local Compatibility.
[[   16.285760] [0;32m  OK  [0mcloud-init] [954]: Started System Logging Service.|        S +.+.   |

[   16.299542] cloud-init[954]: |         o.+..   |
[   16.314368] cloud-init[954]: |        . +.o    |
[   16.314883] cloud-init[954]: |         =.+o.   |
[[0;32m  OK  [0m] Started Login Service.
[   16.315818] cloud-init[954]: |         .B*+oE  |
[   16.326159] cloud-init[954]: +----[SHA256]-----+
[   16.334336] cloud-init[954]: Generating public/private ed25519 key pair.
[   16.336926] cloud-init[954]: Your identification has been saved in /etc/ssh/ssh_host_ed25519_key.
[   16.337153] cloud-init[954]: Your public key has been saved in /etc/ssh/ssh_host_ed25519_key.pub.
[[0;32m  OK  [0m] Started Unattended Upgrades Shutdown.
         Starting Authenticate and Authorize Users to Run Privileged Tasks...
         [   16.337907] Starting Login to default iSCSI targets...cloud-init
[954]: The key fingerprint is:
[[   16.360650] cloud-init[954]: SHA256:IPSJRO5Cnljep7EPLQdXjdNMbSqRAdx1yV9QMAZHA0w root@ubuntu-xenial
[0;32m  OK  [0m] Started LSB: Record successful boot for GRUB.
[[0;32m  OK  [0m] Started LSB: MD monitoring daemon.
[   16.367577] cloud-init[954]: The key's randomart image is:
[   16.383693] cloud-init[954]: +--[ED25519 256]--+
[   16.393370] cloud-init[954]: |   .+..o.+o=E=O+.|
[   16.396851] cloud-init[954]: |   + o..+* .*o o.|
[   16.408995] cloud-init[954]: |  o + + +.+o . . |
[   16.420916] cloud-init[954]: | * + . o...   .  |
[   16.423862] cloud-init[954]: |. = = o S.       |
[   16.440967] cloud-init[954]: |   . O           |
[   16.442587] cloud-init[954]: |    = o          |
[   16.445348] cloud-init[954]: |     =           |
[   16.453425] cloud-init[954]: |      .          |
[   16.456787] cloud-init[954]: +----[SHA256]-----+
[[0;32m  OK  [0m] Started Login to default iSCSI targets.
[[0;32m  OK  [0m] Started Authenticate and Authorize Users to Run Privileged Tasks.
[[0;32m  OK  [0m] Reached target Remote File Systems (Pre).
[[0;32m  OK  [0m] Reached target Remote File Systems.
         Starting LSB: daemon to balance interrupts for SMP systems...
         Starting LSB: automatic crash report generation...
         Starting LSB: Set the CPU Frequency Scaling governor to "ondemand"...
         Starting Permit User Sessions...
[[0;32m  OK  [0m] Started Accounts Service.
[[0;32m  OK  [0m] Started Permit User Sessions.
         Starting Hold until boot process finishes up...
         Starting Terminate Plymouth Boot Screen...
[[0;32m  OK  [0m] Started Hold until boot process finishes up.
[[0;32m  OK  [0m] Started LXD - container startup/shutdown.
[[0;32m  OK  [0m] Started Terminate Plymouth Boot Screen.
[[0;32m  OK  [0m] Started Getty on tty1.
         Starting Set console scheme...
[[0;32m  OK  [0m] Started Serial Getty on ttyS0.
[[0;32m  OK  [0m] Reached target Login Prompts.
[[0;32m  OK  [0m] Started Virtualbox guest utils.
[[0;32m  OK  [0m] Started LSB: daemon to balance interrupts for SMP systems.
[[0;32m  OK  [0m] Started LSB: automatic crash report generation.
[[0;32m  OK  [0m] Started LSB: Set the CPU Frequency Scaling governor to "ondemand".
[[0;32m  OK  [0m] Started Set console scheme.
[[0;32m  OK  [0m] Started Snap Daemon.
         Starting Wait until snapd is fully seeded...
[[0;32m  OK  [0m] Started Pollinate to seed the pseudo random number generator.
         Starting OpenBSD Secure Shell server...
[[0;32m  OK  [0m] Started OpenBSD Secure Shell server.
[[0;32m  OK  [0m] Created slice User Slice of vagrant.
         Starting User Manager for UID 1000...
[[0;32m  OK  [0m] Started Session 1 of user vagrant.
[[0;32m  OK  [0m] Started User Manager for UID 1000.

Ubuntu 16.04.7 LTS ubuntu-xenial ttyS0

ubuntu-xenial login: [   23.196432] cloud-init[1588]: Generating locales (this might take a while)...
[   24.376884] cloud-init[1588]:   en_US.UTF-8... done
[   24.377915] cloud-init[1588]: Generation complete.
[   24.685644] cloud-init[1588]: Cloud-init v. 20.2-45-g5f7825e2-0ubuntu1~16.04.1 running 'modules:config' at Tue, 25 Aug 2020 11:24:52 +0000. Up 22.98 seconds.
ci-info: no authorized SSH keys fingerprints found for user ubuntu.
<14>Aug 25 11:24:54 ec2: 
<14>Aug 25 11:24:54 ec2: #############################################################
<14>Aug 25 11:24:54 ec2: -----BEGIN SSH HOST KEY FINGERPRINTS-----
<14>Aug 25 11:24:54 ec2: 1024 SHA256:St2AnMx5JM96eT3dJ05Y1PaDplYKZQDUPglnGOdpRsM root@ubuntu-xenial (DSA)
<14>Aug 25 11:24:54 ec2: 256 SHA256:cN0ZTJs+RbdIT20iNszQ5/CKr09DSsB94uPy/KNpS/8 root@ubuntu-xenial (ECDSA)
<14>Aug 25 11:24:54 ec2: 256 SHA256:IPSJRO5Cnljep7EPLQdXjdNMbSqRAdx1yV9QMAZHA0w root@ubuntu-xenial (ED25519)
<14>Aug 25 11:24:54 ec2: 2048 SHA256:hXi6l0pJMbR2Dc3ZvplkWZ09p+cgIDjpv6VIcpi+OPA root@ubuntu-xenial (RSA)
<14>Aug 25 11:24:54 ec2: -----END SSH HOST KEY FINGERPRINTS-----
<14>Aug 25 11:24:54 ec2: #############################################################
-----BEGIN SSH HOST KEY KEYS-----
ecdsa-sha2-nistp256 AAAAE2VjZHNhLXNoYTItbmlzdHAyNTYAAAAIbmlzdHAyNTYAAABBBLvtnJKelsuNrmsclM3EyxYu3NTyFQCW8Gh6phVpoYBuLV889BV2fE461mkQciTqU6lagfF9SaXEjTlhAhz+T2s= root@ubuntu-xenial
ssh-ed25519 AAAAC3NzaC1lZDI1NTE5AAAAINJ8tecOvbEZ06iBBVq5eZmRxMO/PgaU2xAvu4kRdjNh root@ubuntu-xenial
ssh-rsa AAAAB3NzaC1yc2EAAAADAQABAAABAQDERIezfVLiHVaZY6iC942L2N4lm4J8qp1+M38avqaRQ0i6tbQSbo0EPfl1IZorRRdO1ThTJBGbKUjNpuKgYkHGDSljsT4c/RPZtuZL2UiXoioYueo2PNeH5DfVhGu9WnXRfQG3FClFcO1wvd443JWMETs4uzJYve3XONK0BVRd0dXl1FxSV0cM+GQaJrbXEW+pRu3vsX4NaMkYO49r9q8Gjep/F8xBGwrwtY8+jvj0X3Mkuu6zloj3B68rIPRlPi40780r9poihrO8UoN2jhUT281lyvoKvldd6A+6d/5cT/4xHOMGKQfMsc1msPW9Cm2VEI/b5TIpF4UV8CTdYteV root@ubuntu-xenial
-----END SSH HOST KEY KEYS-----
[   25.198084] cloud-init[1728]: Cloud-init v. 20.2-45-g5f7825e2-0ubuntu1~16.04.1 running 'modules:final' at Tue, 25 Aug 2020 11:24:54 +0000. Up 25.03 seconds.
[   25.208790] cloud-init[1728]: ci-info: no authorized SSH keys fingerprints found for user ubuntu.
[   25.211731] cloud-init[1728]: Cloud-init v. 20.2-45-g5f7825e2-0ubuntu1~16.04.1 finished at Tue, 25 Aug 2020 11:24:54 +0000. Datasource DataSourceNoCloud [seed=/dev/sdb][dsmode=net].  Up 25.17 seconds
